Start: 2026年 5月18日 月曜日 18時27分36秒 JST
2026-05-18 18:27:37,210 [INFO] Logged in as mono
2026-05-18 18:27:37,210 [INFO] Fetching hostids for prefix test-servicenow-monohyouka- ...
2026-05-18 18:27:37,467 [INFO] Found 30000 hosts matching prefix
2026-05-18 18:27:37,493 [INFO] In-range hosts: 29999 / 30000 requested
2026-05-18 18:27:37,496 [INFO] ============================================================
2026-05-18 18:27:37,496 [INFO] Zabbix URL:   https://10.249.73.66/zabbix/api_jsonrpc.php
2026-05-18 18:27:37,496 [INFO] Script ID:    4
2026-05-18 18:27:37,496 [INFO] Total sends:  30000
2026-05-18 18:27:37,496 [INFO] Target rate:  50.0 req/s
2026-05-18 18:27:37,496 [INFO] Parallel:     20 workers
2026-05-18 18:27:37,496 [INFO] Verify TLS:   False
2026-05-18 18:27:37,496 [INFO] ============================================================
2026-05-18 18:27:39,479 [INFO] Progress: 100/30000 | effective=50.4 req/s
2026-05-18 18:27:41,477 [INFO] Progress: 200/30000 | effective=50.2 req/s
2026-05-18 18:27:43,480 [INFO] Progress: 300/30000 | effective=50.1 req/s
2026-05-18 18:27:45,480 [INFO] Progress: 400/30000 | effective=50.1 req/s
2026-05-18 18:27:47,480 [INFO] Progress: 500/30000 | effective=50.1 req/s
2026-05-18 18:27:49,479 [INFO] Progress: 600/30000 | effective=50.1 req/s
2026-05-18 18:27:51,479 [INFO] Progress: 700/30000 | effective=50.1 req/s
2026-05-18 18:27:53,476 [INFO] Progress: 800/30000 | effective=50.1 req/s
2026-05-18 18:27:55,478 [INFO] Progress: 900/30000 | effective=50.0 req/s
2026-05-18 18:27:57,479 [INFO] Progress: 1000/30000 | effective=50.0 req/s
2026-05-18 18:27:59,476 [INFO] Progress: 1100/30000 | effective=50.0 req/s
2026-05-18 18:28:01,478 [INFO] Progress: 1200/30000 | effective=50.0 req/s
2026-05-18 18:28:03,479 [INFO] Progress: 1300/30000 | effective=50.0 req/s
2026-05-18 18:28:05,476 [INFO] Progress: 1400/30000 | effective=50.0 req/s
2026-05-18 18:28:07,475 [INFO] Progress: 1500/30000 | effective=50.0 req/s
2026-05-18 18:28:09,476 [INFO] Progress: 1600/30000 | effective=50.0 req/s
2026-05-18 18:28:11,480 [INFO] Progress: 1700/30000 | effective=50.0 req/s
2026-05-18 18:28:13,478 [INFO] Progress: 1800/30000 | effective=50.0 req/s
2026-05-18 18:28:15,478 [INFO] Progress: 1900/30000 | effective=50.0 req/s
2026-05-18 18:28:17,477 [INFO] Progress: 2000/30000 | effective=50.0 req/s
2026-05-18 18:28:19,478 [INFO] Progress: 2100/30000 | effective=50.0 req/s
2026-05-18 18:28:21,478 [INFO] Progress: 2200/30000 | effective=50.0 req/s
2026-05-18 18:28:23,478 [INFO] Progress: 2300/30000 | effective=50.0 req/s
2026-05-18 18:28:25,474 [INFO] Progress: 2400/30000 | effective=50.0 req/s
2026-05-18 18:28:27,475 [INFO] Progress: 2500/30000 | effective=50.0 req/s
2026-05-18 18:28:29,475 [INFO] Progress: 2600/30000 | effective=50.0 req/s
2026-05-18 18:28:31,474 [INFO] Progress: 2700/30000 | effective=50.0 req/s
2026-05-18 18:28:33,476 [INFO] Progress: 2800/30000 | effective=50.0 req/s
2026-05-18 18:28:35,476 [INFO] Progress: 2900/30000 | effective=50.0 req/s
2026-05-18 18:28:37,477 [INFO] Progress: 3000/30000 | effective=50.0 req/s
2026-05-18 18:28:39,475 [INFO] Progress: 3100/30000 | effective=50.0 req/s
2026-05-18 18:28:41,476 [INFO] Progress: 3200/30000 | effective=50.0 req/s
2026-05-18 18:28:43,474 [INFO] Progress: 3300/30000 | effective=50.0 req/s
2026-05-18 18:28:45,474 [INFO] Progress: 3400/30000 | effective=50.0 req/s
2026-05-18 18:28:47,477 [INFO] Progress: 3500/30000 | effective=50.0 req/s
2026-05-18 18:28:49,476 [INFO] Progress: 3600/30000 | effective=50.0 req/s
2026-05-18 18:28:51,476 [INFO] Progress: 3700/30000 | effective=50.0 req/s
2026-05-18 18:28:53,475 [INFO] Progress: 3800/30000 | effective=50.0 req/s
2026-05-18 18:28:55,474 [INFO] Progress: 3900/30000 | effective=50.0 req/s
2026-05-18 18:28:57,473 [INFO] Progress: 4000/30000 | effective=50.0 req/s
2026-05-18 18:28:59,473 [INFO] Progress: 4100/30000 | effective=50.0 req/s
2026-05-18 18:29:01,476 [INFO] Progress: 4200/30000 | effective=50.0 req/s
2026-05-18 18:29:03,475 [INFO] Progress: 4300/30000 | effective=50.0 req/s
2026-05-18 18:29:05,475 [INFO] Progress: 4400/30000 | effective=50.0 req/s
2026-05-18 18:29:07,473 [INFO] Progress: 4500/30000 | effective=50.0 req/s
2026-05-18 18:29:09,475 [INFO] Progress: 4600/30000 | effective=50.0 req/s
2026-05-18 18:29:11,472 [INFO] Progress: 4700/30000 | effective=50.0 req/s
2026-05-18 18:29:13,475 [INFO] Progress: 4800/30000 | effective=50.0 req/s
2026-05-18 18:29:15,475 [INFO] Progress: 4900/30000 | effective=50.0 req/s
2026-05-18 18:29:17,475 [INFO] Progress: 5000/30000 | effective=50.0 req/s
2026-05-18 18:29:19,472 [INFO] Progress: 5100/30000 | effective=50.0 req/s
2026-05-18 18:29:21,475 [INFO] Progress: 5200/30000 | effective=50.0 req/s
2026-05-18 18:29:23,475 [INFO] Progress: 5300/30000 | effective=50.0 req/s
2026-05-18 18:29:25,475 [INFO] Progress: 5400/30000 | effective=50.0 req/s
2026-05-18 18:29:27,474 [INFO] Progress: 5500/30000 | effective=50.0 req/s
2026-05-18 18:29:29,471 [INFO] Progress: 5600/30000 | effective=50.0 req/s
2026-05-18 18:29:31,474 [INFO] Progress: 5700/30000 | effective=50.0 req/s
2026-05-18 18:29:33,472 [INFO] Progress: 5800/30000 | effective=50.0 req/s
2026-05-18 18:29:35,474 [INFO] Progress: 5900/30000 | effective=50.0 req/s
2026-05-18 18:29:37,474 [INFO] Progress: 6000/30000 | effective=50.0 req/s
2026-05-18 18:29:39,474 [INFO] Progress: 6100/30000 | effective=50.0 req/s
2026-05-18 18:29:41,475 [INFO] Progress: 6200/30000 | effective=50.0 req/s
2026-05-18 18:29:43,471 [INFO] Progress: 6300/30000 | effective=50.0 req/s
2026-05-18 18:29:45,472 [INFO] Progress: 6400/30000 | effective=50.0 req/s
2026-05-18 18:29:47,474 [INFO] Progress: 6500/30000 | effective=50.0 req/s
2026-05-18 18:29:49,471 [INFO] Progress: 6600/30000 | effective=50.0 req/s
2026-05-18 18:29:51,473 [INFO] Progress: 6700/30000 | effective=50.0 req/s
2026-05-18 18:29:53,472 [INFO] Progress: 6800/30000 | effective=50.0 req/s
2026-05-18 18:29:55,472 [INFO] Progress: 6900/30000 | effective=50.0 req/s
2026-05-18 18:29:57,472 [INFO] Progress: 7000/30000 | effective=50.0 req/s
2026-05-18 18:29:59,473 [INFO] Progress: 7100/30000 | effective=50.0 req/s
2026-05-18 18:30:01,473 [INFO] Progress: 7200/30000 | effective=50.0 req/s
2026-05-18 18:30:03,472 [INFO] Progress: 7300/30000 | effective=50.0 req/s
2026-05-18 18:30:05,473 [INFO] Progress: 7400/30000 | effective=50.0 req/s
2026-05-18 18:30:07,470 [INFO] Progress: 7500/30000 | effective=50.0 req/s
2026-05-18 18:30:09,473 [INFO] Progress: 7600/30000 | effective=50.0 req/s
2026-05-18 18:30:11,472 [INFO] Progress: 7700/30000 | effective=50.0 req/s
2026-05-18 18:30:13,469 [INFO] Progress: 7800/30000 | effective=50.0 req/s
2026-05-18 18:30:15,470 [INFO] Progress: 7900/30000 | effective=50.0 req/s
2026-05-18 18:30:17,472 [INFO] Progress: 8000/30000 | effective=50.0 req/s
2026-05-18 18:30:19,468 [INFO] Progress: 8100/30000 | effective=50.0 req/s
2026-05-18 18:30:21,472 [INFO] Progress: 8200/30000 | effective=50.0 req/s
2026-05-18 18:30:23,472 [INFO] Progress: 8300/30000 | effective=50.0 req/s
2026-05-18 18:30:25,472 [INFO] Progress: 8400/30000 | effective=50.0 req/s
2026-05-18 18:30:27,471 [INFO] Progress: 8500/30000 | effective=50.0 req/s
2026-05-18 18:30:29,469 [INFO] Progress: 8600/30000 | effective=50.0 req/s
2026-05-18 18:30:31,471 [INFO] Progress: 8700/30000 | effective=50.0 req/s
2026-05-18 18:30:33,471 [INFO] Progress: 8800/30000 | effective=50.0 req/s
2026-05-18 18:30:35,471 [INFO] Progress: 8900/30000 | effective=50.0 req/s
2026-05-18 18:30:37,471 [INFO] Progress: 9000/30000 | effective=50.0 req/s
2026-05-18 18:30:39,471 [INFO] Progress: 9100/30000 | effective=50.0 req/s
2026-05-18 18:30:41,470 [INFO] Progress: 9200/30000 | effective=50.0 req/s
2026-05-18 18:30:43,469 [INFO] Progress: 9300/30000 | effective=50.0 req/s
2026-05-18 18:30:45,470 [INFO] Progress: 9400/30000 | effective=50.0 req/s
2026-05-18 18:30:47,469 [INFO] Progress: 9500/30000 | effective=50.0 req/s
2026-05-18 18:30:49,468 [INFO] Progress: 9600/30000 | effective=50.0 req/s
2026-05-18 18:30:51,469 [INFO] Progress: 9700/30000 | effective=50.0 req/s
2026-05-18 18:30:53,470 [INFO] Progress: 9800/30000 | effective=50.0 req/s
2026-05-18 18:30:55,468 [INFO] Progress: 9900/30000 | effective=50.0 req/s
2026-05-18 18:30:57,467 [INFO] Progress: 10000/30000 | effective=50.0 req/s
2026-05-18 18:30:59,467 [INFO] Progress: 10100/30000 | effective=50.0 req/s
2026-05-18 18:31:01,469 [INFO] Progress: 10200/30000 | effective=50.0 req/s
2026-05-18 18:31:03,469 [INFO] Progress: 10300/30000 | effective=50.0 req/s
2026-05-18 18:31:05,468 [INFO] Progress: 10400/30000 | effective=50.0 req/s
2026-05-18 18:31:07,469 [INFO] Progress: 10500/30000 | effective=50.0 req/s
2026-05-18 18:31:09,469 [INFO] Progress: 10600/30000 | effective=50.0 req/s
2026-05-18 18:31:11,469 [INFO] Progress: 10700/30000 | effective=50.0 req/s
2026-05-18 18:31:13,468 [INFO] Progress: 10800/30000 | effective=50.0 req/s
2026-05-18 18:31:15,469 [INFO] Progress: 10900/30000 | effective=50.0 req/s
2026-05-18 18:31:17,466 [INFO] Progress: 11000/30000 | effective=50.0 req/s
2026-05-18 18:31:19,467 [INFO] Progress: 11100/30000 | effective=50.0 req/s
2026-05-18 18:31:21,468 [INFO] Progress: 11200/30000 | effective=50.0 req/s
2026-05-18 18:31:23,470 [INFO] Progress: 11300/30000 | effective=50.0 req/s
2026-05-18 18:31:25,469 [INFO] Progress: 11400/30000 | effective=50.0 req/s
2026-05-18 18:31:27,466 [INFO] Progress: 11500/30000 | effective=50.0 req/s
2026-05-18 18:31:29,468 [INFO] Progress: 11600/30000 | effective=50.0 req/s
2026-05-18 18:31:31,465 [INFO] Progress: 11700/30000 | effective=50.0 req/s
2026-05-18 18:31:33,468 [INFO] Progress: 11800/30000 | effective=50.0 req/s
2026-05-18 18:31:35,468 [INFO] Progress: 11900/30000 | effective=50.0 req/s
2026-05-18 18:31:37,467 [INFO] Progress: 12000/30000 | effective=50.0 req/s
2026-05-18 18:31:39,468 [INFO] Progress: 12100/30000 | effective=50.0 req/s
2026-05-18 18:31:41,465 [INFO] Progress: 12200/30000 | effective=50.0 req/s
2026-05-18 18:31:43,467 [INFO] Progress: 12300/30000 | effective=50.0 req/s
2026-05-18 18:31:45,465 [INFO] Progress: 12400/30000 | effective=50.0 req/s
2026-05-18 18:31:47,467 [INFO] Progress: 12500/30000 | effective=50.0 req/s
2026-05-18 18:31:49,467 [INFO] Progress: 12600/30000 | effective=50.0 req/s
2026-05-18 18:31:51,573 [INFO] Progress: 12700/30000 | effective=50.0 req/s
2026-05-18 18:31:53,464 [INFO] Progress: 12800/30000 | effective=50.0 req/s
2026-05-18 18:31:55,464 [INFO] Progress: 12900/30000 | effective=50.0 req/s
2026-05-18 18:31:57,464 [INFO] Progress: 13000/30000 | effective=50.0 req/s
2026-05-18 18:31:59,467 [INFO] Progress: 13100/30000 | effective=50.0 req/s
2026-05-18 18:32:01,467 [INFO] Progress: 13200/30000 | effective=50.0 req/s
2026-05-18 18:32:03,464 [INFO] Progress: 13300/30000 | effective=50.0 req/s
2026-05-18 18:32:05,464 [INFO] Progress: 13400/30000 | effective=50.0 req/s
2026-05-18 18:32:07,467 [INFO] Progress: 13500/30000 | effective=50.0 req/s
2026-05-18 18:32:09,463 [INFO] Progress: 13600/30000 | effective=50.0 req/s
2026-05-18 18:32:11,463 [INFO] Progress: 13700/30000 | effective=50.0 req/s
2026-05-18 18:32:13,466 [INFO] Progress: 13800/30000 | effective=50.0 req/s
2026-05-18 18:32:15,465 [INFO] Progress: 13900/30000 | effective=50.0 req/s
2026-05-18 18:32:17,463 [INFO] Progress: 14000/30000 | effective=50.0 req/s
2026-05-18 18:32:19,467 [INFO] Progress: 14100/30000 | effective=50.0 req/s
2026-05-18 18:32:21,465 [INFO] Progress: 14200/30000 | effective=50.0 req/s
2026-05-18 18:32:23,465 [INFO] Progress: 14300/30000 | effective=50.0 req/s
2026-05-18 18:32:25,465 [INFO] Progress: 14400/30000 | effective=50.0 req/s
2026-05-18 18:32:27,466 [INFO] Progress: 14500/30000 | effective=50.0 req/s
2026-05-18 18:32:29,465 [INFO] Progress: 14600/30000 | effective=50.0 req/s
2026-05-18 18:32:31,462 [INFO] Progress: 14700/30000 | effective=50.0 req/s
2026-05-18 18:32:33,465 [INFO] Progress: 14800/30000 | effective=50.0 req/s
2026-05-18 18:32:35,465 [INFO] Progress: 14900/30000 | effective=50.0 req/s
2026-05-18 18:32:37,465 [INFO] Progress: 15000/30000 | effective=50.0 req/s
2026-05-18 18:32:39,465 [INFO] Progress: 15100/30000 | effective=50.0 req/s
2026-05-18 18:32:41,464 [INFO] Progress: 15200/30000 | effective=50.0 req/s
2026-05-18 18:32:43,464 [INFO] Progress: 15300/30000 | effective=50.0 req/s
2026-05-18 18:32:45,461 [INFO] Progress: 15400/30000 | effective=50.0 req/s
2026-05-18 18:32:47,461 [INFO] Progress: 15500/30000 | effective=50.0 req/s
2026-05-18 18:32:49,465 [INFO] Progress: 15600/30000 | effective=50.0 req/s
2026-05-18 18:32:51,461 [INFO] Progress: 15700/30000 | effective=50.0 req/s
2026-05-18 18:32:53,464 [INFO] Progress: 15800/30000 | effective=50.0 req/s
2026-05-18 18:32:55,464 [INFO] Progress: 15900/30000 | effective=50.0 req/s
2026-05-18 18:32:57,463 [INFO] Progress: 16000/30000 | effective=50.0 req/s
2026-05-18 18:32:59,464 [INFO] Progress: 16100/30000 | effective=50.0 req/s
2026-05-18 18:33:01,461 [INFO] Progress: 16200/30000 | effective=50.0 req/s
2026-05-18 18:33:03,461 [INFO] Progress: 16300/30000 | effective=50.0 req/s
2026-05-18 18:33:05,463 [INFO] Progress: 16400/30000 | effective=50.0 req/s
2026-05-18 18:33:07,464 [INFO] Progress: 16500/30000 | effective=50.0 req/s
2026-05-18 18:33:09,463 [INFO] Progress: 16600/30000 | effective=50.0 req/s
2026-05-18 18:33:11,463 [INFO] Progress: 16700/30000 | effective=50.0 req/s
2026-05-18 18:33:13,462 [INFO] Progress: 16800/30000 | effective=50.0 req/s
2026-05-18 18:33:15,463 [INFO] Progress: 16900/30000 | effective=50.0 req/s
2026-05-18 18:33:17,463 [INFO] Progress: 17000/30000 | effective=50.0 req/s
2026-05-18 18:33:19,463 [INFO] Progress: 17100/30000 | effective=50.0 req/s
2026-05-18 18:33:21,462 [INFO] Progress: 17200/30000 | effective=50.0 req/s
2026-05-18 18:33:23,463 [INFO] Progress: 17300/30000 | effective=50.0 req/s
2026-05-18 18:33:25,461 [INFO] Progress: 17400/30000 | effective=50.0 req/s
2026-05-18 18:33:27,460 [INFO] Progress: 17500/30000 | effective=50.0 req/s
2026-05-18 18:33:29,464 [INFO] Progress: 17600/30000 | effective=50.0 req/s
2026-05-18 18:33:31,459 [INFO] Progress: 17700/30000 | effective=50.0 req/s
2026-05-18 18:33:33,462 [INFO] Progress: 17800/30000 | effective=50.0 req/s
2026-05-18 18:33:35,462 [INFO] Progress: 17900/30000 | effective=50.0 req/s
2026-05-18 18:33:37,462 [INFO] Progress: 18000/30000 | effective=50.0 req/s
2026-05-18 18:33:39,459 [INFO] Progress: 18100/30000 | effective=50.0 req/s
2026-05-18 18:33:41,458 [INFO] Progress: 18200/30000 | effective=50.0 req/s
2026-05-18 18:33:43,459 [INFO] Progress: 18300/30000 | effective=50.0 req/s
2026-05-18 18:33:45,461 [INFO] Progress: 18400/30000 | effective=50.0 req/s
2026-05-18 18:33:47,461 [INFO] Progress: 18500/30000 | effective=50.0 req/s
2026-05-18 18:33:49,462 [INFO] Progress: 18600/30000 | effective=50.0 req/s
2026-05-18 18:33:51,458 [INFO] Progress: 18700/30000 | effective=50.0 req/s
2026-05-18 18:33:53,459 [INFO] Progress: 18800/30000 | effective=50.0 req/s
2026-05-18 18:33:55,461 [INFO] Progress: 18900/30000 | effective=50.0 req/s
2026-05-18 18:33:57,462 [INFO] Progress: 19000/30000 | effective=50.0 req/s
2026-05-18 18:33:59,458 [INFO] Progress: 19100/30000 | effective=50.0 req/s
2026-05-18 18:34:01,459 [INFO] Progress: 19200/30000 | effective=50.0 req/s
2026-05-18 18:34:03,457 [INFO] Progress: 19300/30000 | effective=50.0 req/s
2026-05-18 18:34:05,460 [INFO] Progress: 19400/30000 | effective=50.0 req/s
2026-05-18 18:34:07,457 [INFO] Progress: 19500/30000 | effective=50.0 req/s
2026-05-18 18:34:09,460 [INFO] Progress: 19600/30000 | effective=50.0 req/s
2026-05-18 18:34:11,459 [INFO] Progress: 19700/30000 | effective=50.0 req/s
2026-05-18 18:34:13,457 [INFO] Progress: 19800/30000 | effective=50.0 req/s
2026-05-18 18:34:15,459 [INFO] Progress: 19900/30000 | effective=50.0 req/s
2026-05-18 18:34:17,460 [INFO] Progress: 20000/30000 | effective=50.0 req/s
2026-05-18 18:34:19,459 [INFO] Progress: 20100/30000 | effective=50.0 req/s
2026-05-18 18:34:21,459 [INFO] Progress: 20200/30000 | effective=50.0 req/s
2026-05-18 18:34:23,457 [INFO] Progress: 20300/30000 | effective=50.0 req/s
2026-05-18 18:34:25,457 [INFO] Progress: 20400/30000 | effective=50.0 req/s
2026-05-18 18:34:27,460 [INFO] Progress: 20500/30000 | effective=50.0 req/s
2026-05-18 18:34:29,458 [INFO] Progress: 20600/30000 | effective=50.0 req/s
2026-05-18 18:34:31,459 [INFO] Progress: 20700/30000 | effective=50.0 req/s
2026-05-18 18:34:33,456 [INFO] Progress: 20800/30000 | effective=50.0 req/s
2026-05-18 18:34:35,459 [INFO] Progress: 20900/30000 | effective=50.0 req/s
2026-05-18 18:34:37,456 [INFO] Progress: 21000/30000 | effective=50.0 req/s
2026-05-18 18:34:39,458 [INFO] Progress: 21100/30000 | effective=50.0 req/s
2026-05-18 18:34:41,456 [INFO] Progress: 21200/30000 | effective=50.0 req/s
2026-05-18 18:34:43,458 [INFO] Progress: 21300/30000 | effective=50.0 req/s
2026-05-18 18:34:45,458 [INFO] Progress: 21400/30000 | effective=50.0 req/s
2026-05-18 18:34:47,455 [INFO] Progress: 21500/30000 | effective=50.0 req/s
2026-05-18 18:34:49,456 [INFO] Progress: 21600/30000 | effective=50.0 req/s
2026-05-18 18:34:51,458 [INFO] Progress: 21700/30000 | effective=50.0 req/s
2026-05-18 18:34:53,459 [INFO] Progress: 21800/30000 | effective=50.0 req/s
2026-05-18 18:34:55,457 [INFO] Progress: 21900/30000 | effective=50.0 req/s
2026-05-18 18:34:57,457 [INFO] Progress: 22000/30000 | effective=50.0 req/s
2026-05-18 18:34:59,458 [INFO] Progress: 22100/30000 | effective=50.0 req/s
2026-05-18 18:35:01,457 [INFO] Progress: 22200/30000 | effective=50.0 req/s
2026-05-18 18:35:03,457 [INFO] Progress: 22300/30000 | effective=50.0 req/s
2026-05-18 18:35:05,457 [INFO] Progress: 22400/30000 | effective=50.0 req/s
2026-05-18 18:35:07,455 [INFO] Progress: 22500/30000 | effective=50.0 req/s
2026-05-18 18:35:09,457 [INFO] Progress: 22600/30000 | effective=50.0 req/s
2026-05-18 18:35:11,458 [INFO] Progress: 22700/30000 | effective=50.0 req/s
2026-05-18 18:35:13,454 [INFO] Progress: 22800/30000 | effective=50.0 req/s
2026-05-18 18:35:15,456 [INFO] Progress: 22900/30000 | effective=50.0 req/s
2026-05-18 18:35:17,456 [INFO] Progress: 23000/30000 | effective=50.0 req/s
2026-05-18 18:35:19,456 [INFO] Progress: 23100/30000 | effective=50.0 req/s
2026-05-18 18:35:21,456 [INFO] Progress: 23200/30000 | effective=50.0 req/s
2026-05-18 18:35:23,456 [INFO] Progress: 23300/30000 | effective=50.0 req/s
2026-05-18 18:35:25,455 [INFO] Progress: 23400/30000 | effective=50.0 req/s
2026-05-18 18:35:27,456 [INFO] Progress: 23500/30000 | effective=50.0 req/s
2026-05-18 18:35:29,454 [INFO] Progress: 23600/30000 | effective=50.0 req/s
2026-05-18 18:35:31,455 [INFO] Progress: 23700/30000 | effective=50.0 req/s
2026-05-18 18:35:33,456 [INFO] Progress: 23800/30000 | effective=50.0 req/s
2026-05-18 18:35:35,454 [INFO] Progress: 23900/30000 | effective=50.0 req/s
2026-05-18 18:35:37,455 [INFO] Progress: 24000/30000 | effective=50.0 req/s
2026-05-18 18:35:39,456 [INFO] Progress: 24100/30000 | effective=50.0 req/s
2026-05-18 18:35:41,455 [INFO] Progress: 24200/30000 | effective=50.0 req/s
2026-05-18 18:35:43,453 [INFO] Progress: 24300/30000 | effective=50.0 req/s
2026-05-18 18:35:45,452 [INFO] Progress: 24400/30000 | effective=50.0 req/s
2026-05-18 18:35:47,454 [INFO] Progress: 24500/30000 | effective=50.0 req/s
2026-05-18 18:35:49,456 [INFO] Progress: 24600/30000 | effective=50.0 req/s
2026-05-18 18:35:51,452 [INFO] Progress: 24700/30000 | effective=50.0 req/s
2026-05-18 18:35:53,452 [INFO] Progress: 24800/30000 | effective=50.0 req/s
2026-05-18 18:35:55,452 [INFO] Progress: 24900/30000 | effective=50.0 req/s
2026-05-18 18:35:57,453 [INFO] Progress: 25000/30000 | effective=50.0 req/s
2026-05-18 18:35:59,452 [INFO] Progress: 25100/30000 | effective=50.0 req/s
2026-05-18 18:36:01,454 [INFO] Progress: 25200/30000 | effective=50.0 req/s
2026-05-18 18:36:03,452 [INFO] Progress: 25300/30000 | effective=50.0 req/s
2026-05-18 18:36:05,455 [INFO] Progress: 25400/30000 | effective=50.0 req/s
2026-05-18 18:36:07,454 [INFO] Progress: 25500/30000 | effective=50.0 req/s
2026-05-18 18:36:09,455 [INFO] Progress: 25600/30000 | effective=50.0 req/s
2026-05-18 18:36:11,454 [INFO] Progress: 25700/30000 | effective=50.0 req/s
2026-05-18 18:36:13,451 [INFO] Progress: 25800/30000 | effective=50.0 req/s
2026-05-18 18:36:15,454 [INFO] Progress: 25900/30000 | effective=50.0 req/s
2026-05-18 18:36:17,454 [INFO] Progress: 26000/30000 | effective=50.0 req/s
2026-05-18 18:36:19,452 [INFO] Progress: 26100/30000 | effective=50.0 req/s
2026-05-18 18:36:21,453 [INFO] Progress: 26200/30000 | effective=50.0 req/s
2026-05-18 18:36:23,451 [INFO] Progress: 26300/30000 | effective=50.0 req/s
2026-05-18 18:36:25,453 [INFO] Progress: 26400/30000 | effective=50.0 req/s
2026-05-18 18:36:27,453 [INFO] Progress: 26500/30000 | effective=50.0 req/s
2026-05-18 18:36:29,454 [INFO] Progress: 26600/30000 | effective=50.0 req/s
2026-05-18 18:36:31,453 [INFO] Progress: 26700/30000 | effective=50.0 req/s
2026-05-18 18:36:33,453 [INFO] Progress: 26800/30000 | effective=50.0 req/s
2026-05-18 18:36:35,450 [INFO] Progress: 26900/30000 | effective=50.0 req/s
2026-05-18 18:36:37,453 [INFO] Progress: 27000/30000 | effective=50.0 req/s
2026-05-18 18:36:39,452 [INFO] Progress: 27100/30000 | effective=50.0 req/s
2026-05-18 18:36:41,452 [INFO] Progress: 27200/30000 | effective=50.0 req/s
2026-05-18 18:36:43,451 [INFO] Progress: 27300/30000 | effective=50.0 req/s
2026-05-18 18:36:45,450 [INFO] Progress: 27400/30000 | effective=50.0 req/s
2026-05-18 18:36:47,449 [INFO] Progress: 27500/30000 | effective=50.0 req/s
2026-05-18 18:36:49,453 [INFO] Progress: 27600/30000 | effective=50.0 req/s
2026-05-18 18:36:51,451 [INFO] Progress: 27700/30000 | effective=50.0 req/s
2026-05-18 18:36:53,452 [INFO] Progress: 27800/30000 | effective=50.0 req/s
2026-05-18 18:36:55,450 [INFO] Progress: 27900/30000 | effective=50.0 req/s
2026-05-18 18:36:57,449 [INFO] Progress: 28000/30000 | effective=50.0 req/s
2026-05-18 18:36:59,448 [INFO] Progress: 28100/30000 | effective=50.0 req/s
2026-05-18 18:37:01,450 [INFO] Progress: 28200/30000 | effective=50.0 req/s
2026-05-18 18:37:03,451 [INFO] Progress: 28300/30000 | effective=50.0 req/s
2026-05-18 18:37:05,449 [INFO] Progress: 28400/30000 | effective=50.0 req/s
2026-05-18 18:37:07,451 [INFO] Progress: 28500/30000 | effective=50.0 req/s
2026-05-18 18:37:09,451 [INFO] Progress: 28600/30000 | effective=50.0 req/s
2026-05-18 18:37:11,449 [INFO] Progress: 28700/30000 | effective=50.0 req/s
2026-05-18 18:37:13,451 [INFO] Progress: 28800/30000 | effective=50.0 req/s
2026-05-18 18:37:15,449 [INFO] Progress: 28900/30000 | effective=50.0 req/s
2026-05-18 18:37:17,450 [INFO] Progress: 29000/30000 | effective=50.0 req/s
2026-05-18 18:37:19,449 [INFO] Progress: 29100/30000 | effective=50.0 req/s
2026-05-18 18:37:21,449 [INFO] Progress: 29200/30000 | effective=50.0 req/s
2026-05-18 18:37:23,449 [INFO] Progress: 29300/30000 | effective=50.0 req/s
2026-05-18 18:37:25,451 [INFO] Progress: 29400/30000 | effective=50.0 req/s
2026-05-18 18:37:27,451 [INFO] Progress: 29500/30000 | effective=50.0 req/s
2026-05-18 18:37:29,453 [INFO] Progress: 29600/30000 | effective=50.0 req/s
2026-05-18 18:37:31,454 [INFO] Progress: 29700/30000 | effective=50.0 req/s
2026-05-18 18:37:33,447 [INFO] Progress: 29800/30000 | effective=50.0 req/s
2026-05-18 18:37:35,451 [INFO] Progress: 29900/30000 | effective=50.0 req/s
2026-05-18 18:37:37,446 [INFO] Progress: 30000/30000 | effective=50.0 req/s
