Start: 2026年 5月18日 月曜日 19時32分14秒 JST
2026-05-18 19:32:17,563 [INFO] Logged in as mono
2026-05-18 19:32:17,563 [INFO] Fetching hostids for prefix test-servicenow-monohyouka- ...
2026-05-18 19:32:17,860 [INFO] Found 30000 hosts matching prefix
2026-05-18 19:32:17,884 [INFO] In-range hosts: 29999 / 30000 requested
2026-05-18 19:32:17,886 [INFO] ============================================================
2026-05-18 19:32:17,886 [INFO] Zabbix URL:   https://10.249.73.66/zabbix/api_jsonrpc.php
2026-05-18 19:32:17,886 [INFO] Script ID:    4
2026-05-18 19:32:17,886 [INFO] Total sends:  30000
2026-05-18 19:32:17,886 [INFO] Target rate:  50.0 req/s
2026-05-18 19:32:17,886 [INFO] Parallel:     20 workers
2026-05-18 19:32:17,886 [INFO] Verify TLS:   False
2026-05-18 19:32:17,886 [INFO] ============================================================
2026-05-18 19:32:19,870 [INFO] Progress: 100/30000 | effective=50.4 req/s
2026-05-18 19:32:21,866 [INFO] Progress: 200/30000 | effective=50.2 req/s
2026-05-18 19:32:23,870 [INFO] Progress: 300/30000 | effective=50.1 req/s
2026-05-18 19:32:25,866 [INFO] Progress: 400/30000 | effective=50.1 req/s
2026-05-18 19:32:27,870 [INFO] Progress: 500/30000 | effective=50.1 req/s
2026-05-18 19:32:29,870 [INFO] Progress: 600/30000 | effective=50.1 req/s
2026-05-18 19:32:31,869 [INFO] Progress: 700/30000 | effective=50.1 req/s
2026-05-18 19:32:33,869 [INFO] Progress: 800/30000 | effective=50.1 req/s
2026-05-18 19:32:35,866 [INFO] Progress: 900/30000 | effective=50.1 req/s
2026-05-18 19:32:37,867 [INFO] Progress: 1000/30000 | effective=50.0 req/s
2026-05-18 19:32:39,869 [INFO] Progress: 1100/30000 | effective=50.0 req/s
2026-05-18 19:32:41,869 [INFO] Progress: 1200/30000 | effective=50.0 req/s
2026-05-18 19:32:43,867 [INFO] Progress: 1300/30000 | effective=50.0 req/s
2026-05-18 19:32:45,868 [INFO] Progress: 1400/30000 | effective=50.0 req/s
2026-05-18 19:32:47,869 [INFO] Progress: 1500/30000 | effective=50.0 req/s
2026-05-18 19:32:49,868 [INFO] Progress: 1600/30000 | effective=50.0 req/s
2026-05-18 19:32:51,868 [INFO] Progress: 1700/30000 | effective=50.0 req/s
2026-05-18 19:32:53,868 [INFO] Progress: 1800/30000 | effective=50.0 req/s
2026-05-18 19:32:55,868 [INFO] Progress: 1900/30000 | effective=50.0 req/s
2026-05-18 19:32:57,869 [INFO] Progress: 2000/30000 | effective=50.0 req/s
2026-05-18 19:32:59,866 [INFO] Progress: 2100/30000 | effective=50.0 req/s
2026-05-18 19:33:01,868 [INFO] Progress: 2200/30000 | effective=50.0 req/s
2026-05-18 19:33:03,867 [INFO] Progress: 2300/30000 | effective=50.0 req/s
2026-05-18 19:33:05,864 [INFO] Progress: 2400/30000 | effective=50.0 req/s
2026-05-18 19:33:07,867 [INFO] Progress: 2500/30000 | effective=50.0 req/s
2026-05-18 19:33:09,867 [INFO] Progress: 2600/30000 | effective=50.0 req/s
2026-05-18 19:33:11,868 [INFO] Progress: 2700/30000 | effective=50.0 req/s
2026-05-18 19:33:13,867 [INFO] Progress: 2800/30000 | effective=50.0 req/s
2026-05-18 19:33:15,867 [INFO] Progress: 2900/30000 | effective=50.0 req/s
2026-05-18 19:33:17,864 [INFO] Progress: 3000/30000 | effective=50.0 req/s
2026-05-18 19:33:19,867 [INFO] Progress: 3100/30000 | effective=50.0 req/s
2026-05-18 19:33:21,866 [INFO] Progress: 3200/30000 | effective=50.0 req/s
2026-05-18 19:33:23,866 [INFO] Progress: 3300/30000 | effective=50.0 req/s
2026-05-18 19:33:25,865 [INFO] Progress: 3400/30000 | effective=50.0 req/s
2026-05-18 19:33:27,867 [INFO] Progress: 3500/30000 | effective=50.0 req/s
2026-05-18 19:33:29,865 [INFO] Progress: 3600/30000 | effective=50.0 req/s
2026-05-18 19:33:31,867 [INFO] Progress: 3700/30000 | effective=50.0 req/s
2026-05-18 19:33:33,865 [INFO] Progress: 3800/30000 | effective=50.0 req/s
2026-05-18 19:33:35,866 [INFO] Progress: 3900/30000 | effective=50.0 req/s
2026-05-18 19:33:37,866 [INFO] Progress: 4000/30000 | effective=50.0 req/s
2026-05-18 19:33:39,866 [INFO] Progress: 4100/30000 | effective=50.0 req/s
2026-05-18 19:33:41,866 [INFO] Progress: 4200/30000 | effective=50.0 req/s
2026-05-18 19:33:43,862 [INFO] Progress: 4300/30000 | effective=50.0 req/s
2026-05-18 19:33:45,865 [INFO] Progress: 4400/30000 | effective=50.0 req/s
2026-05-18 19:33:47,866 [INFO] Progress: 4500/30000 | effective=50.0 req/s
2026-05-18 19:33:49,864 [INFO] Progress: 4600/30000 | effective=50.0 req/s
2026-05-18 19:33:51,865 [INFO] Progress: 4700/30000 | effective=50.0 req/s
2026-05-18 19:33:53,866 [INFO] Progress: 4800/30000 | effective=50.0 req/s
2026-05-18 19:33:55,863 [INFO] Progress: 4900/30000 | effective=50.0 req/s
2026-05-18 19:33:57,865 [INFO] Progress: 5000/30000 | effective=50.0 req/s
2026-05-18 19:33:59,864 [INFO] Progress: 5100/30000 | effective=50.0 req/s
2026-05-18 19:34:01,863 [INFO] Progress: 5200/30000 | effective=50.0 req/s
2026-05-18 19:34:03,865 [INFO] Progress: 5300/30000 | effective=50.0 req/s
2026-05-18 19:34:05,861 [INFO] Progress: 5400/30000 | effective=50.0 req/s
2026-05-18 19:34:07,864 [INFO] Progress: 5500/30000 | effective=50.0 req/s
2026-05-18 19:34:09,864 [INFO] Progress: 5600/30000 | effective=50.0 req/s
2026-05-18 19:34:11,864 [INFO] Progress: 5700/30000 | effective=50.0 req/s
2026-05-18 19:34:13,865 [INFO] Progress: 5800/30000 | effective=50.0 req/s
2026-05-18 19:34:15,862 [INFO] Progress: 5900/30000 | effective=50.0 req/s
2026-05-18 19:34:17,864 [INFO] Progress: 6000/30000 | effective=50.0 req/s
2026-05-18 19:34:19,864 [INFO] Progress: 6100/30000 | effective=50.0 req/s
2026-05-18 19:34:21,864 [INFO] Progress: 6200/30000 | effective=50.0 req/s
2026-05-18 19:34:23,863 [INFO] Progress: 6300/30000 | effective=50.0 req/s
2026-05-18 19:34:25,862 [INFO] Progress: 6400/30000 | effective=50.0 req/s
2026-05-18 19:34:27,863 [INFO] Progress: 6500/30000 | effective=50.0 req/s
2026-05-18 19:34:29,863 [INFO] Progress: 6600/30000 | effective=50.0 req/s
2026-05-18 19:34:31,863 [INFO] Progress: 6700/30000 | effective=50.0 req/s
2026-05-18 19:34:33,861 [INFO] Progress: 6800/30000 | effective=50.0 req/s
2026-05-18 19:34:35,863 [INFO] Progress: 6900/30000 | effective=50.0 req/s
2026-05-18 19:34:37,863 [INFO] Progress: 7000/30000 | effective=50.0 req/s
2026-05-18 19:34:39,862 [INFO] Progress: 7100/30000 | effective=50.0 req/s
2026-05-18 19:34:41,863 [INFO] Progress: 7200/30000 | effective=50.0 req/s
2026-05-18 19:34:43,862 [INFO] Progress: 7300/30000 | effective=50.0 req/s
2026-05-18 19:34:45,863 [INFO] Progress: 7400/30000 | effective=50.0 req/s
2026-05-18 19:34:47,862 [INFO] Progress: 7500/30000 | effective=50.0 req/s
2026-05-18 19:34:49,861 [INFO] Progress: 7600/30000 | effective=50.0 req/s
2026-05-18 19:34:51,863 [INFO] Progress: 7700/30000 | effective=50.0 req/s
2026-05-18 19:34:53,859 [INFO] Progress: 7800/30000 | effective=50.0 req/s
2026-05-18 19:34:55,862 [INFO] Progress: 7900/30000 | effective=50.0 req/s
2026-05-18 19:34:57,863 [INFO] Progress: 8000/30000 | effective=50.0 req/s
2026-05-18 19:34:59,862 [INFO] Progress: 8100/30000 | effective=50.0 req/s
2026-05-18 19:35:01,861 [INFO] Progress: 8200/30000 | effective=50.0 req/s
2026-05-18 19:35:03,861 [INFO] Progress: 8300/30000 | effective=50.0 req/s
2026-05-18 19:35:05,861 [INFO] Progress: 8400/30000 | effective=50.0 req/s
2026-05-18 19:35:07,860 [INFO] Progress: 8500/30000 | effective=50.0 req/s
2026-05-18 19:35:09,861 [INFO] Progress: 8600/30000 | effective=50.0 req/s
2026-05-18 19:35:11,861 [INFO] Progress: 8700/30000 | effective=50.0 req/s
2026-05-18 19:35:13,861 [INFO] Progress: 8800/30000 | effective=50.0 req/s
2026-05-18 19:35:15,861 [INFO] Progress: 8900/30000 | effective=50.0 req/s
2026-05-18 19:35:17,861 [INFO] Progress: 9000/30000 | effective=50.0 req/s
2026-05-18 19:35:19,861 [INFO] Progress: 9100/30000 | effective=50.0 req/s
2026-05-18 19:35:21,861 [INFO] Progress: 9200/30000 | effective=50.0 req/s
2026-05-18 19:35:23,861 [INFO] Progress: 9300/30000 | effective=50.0 req/s
2026-05-18 19:35:25,860 [INFO] Progress: 9400/30000 | effective=50.0 req/s
2026-05-18 19:35:27,860 [INFO] Progress: 9500/30000 | effective=50.0 req/s
2026-05-18 19:35:29,861 [INFO] Progress: 9600/30000 | effective=50.0 req/s
2026-05-18 19:35:31,859 [INFO] Progress: 9700/30000 | effective=50.0 req/s
2026-05-18 19:35:33,860 [INFO] Progress: 9800/30000 | effective=50.0 req/s
2026-05-18 19:35:35,860 [INFO] Progress: 9900/30000 | effective=50.0 req/s
2026-05-18 19:35:37,859 [INFO] Progress: 10000/30000 | effective=50.0 req/s
2026-05-18 19:35:39,860 [INFO] Progress: 10100/30000 | effective=50.0 req/s
2026-05-18 19:35:41,859 [INFO] Progress: 10200/30000 | effective=50.0 req/s
2026-05-18 19:35:43,859 [INFO] Progress: 10300/30000 | effective=50.0 req/s
2026-05-18 19:35:45,860 [INFO] Progress: 10400/30000 | effective=50.0 req/s
2026-05-18 19:35:47,859 [INFO] Progress: 10500/30000 | effective=50.0 req/s
2026-05-18 19:35:49,858 [INFO] Progress: 10600/30000 | effective=50.0 req/s
2026-05-18 19:35:51,859 [INFO] Progress: 10700/30000 | effective=50.0 req/s
2026-05-18 19:35:53,856 [INFO] Progress: 10800/30000 | effective=50.0 req/s
2026-05-18 19:35:55,859 [INFO] Progress: 10900/30000 | effective=50.0 req/s
2026-05-18 19:35:57,859 [INFO] Progress: 11000/30000 | effective=50.0 req/s
2026-05-18 19:35:59,856 [INFO] Progress: 11100/30000 | effective=50.0 req/s
2026-05-18 19:36:01,859 [INFO] Progress: 11200/30000 | effective=50.0 req/s
2026-05-18 19:36:03,859 [INFO] Progress: 11300/30000 | effective=50.0 req/s
2026-05-18 19:36:05,858 [INFO] Progress: 11400/30000 | effective=50.0 req/s
2026-05-18 19:36:07,856 [INFO] Progress: 11500/30000 | effective=50.0 req/s
2026-05-18 19:36:09,858 [INFO] Progress: 11600/30000 | effective=50.0 req/s
2026-05-18 19:36:11,858 [INFO] Progress: 11700/30000 | effective=50.0 req/s
2026-05-18 19:36:13,858 [INFO] Progress: 11800/30000 | effective=50.0 req/s
2026-05-18 19:36:15,859 [INFO] Progress: 11900/30000 | effective=50.0 req/s
2026-05-18 19:36:17,858 [INFO] Progress: 12000/30000 | effective=50.0 req/s
2026-05-18 19:36:19,858 [INFO] Progress: 12100/30000 | effective=50.0 req/s
2026-05-18 19:36:21,854 [INFO] Progress: 12200/30000 | effective=50.0 req/s
2026-05-18 19:36:23,857 [INFO] Progress: 12300/30000 | effective=50.0 req/s
2026-05-18 19:36:25,857 [INFO] Progress: 12400/30000 | effective=50.0 req/s
2026-05-18 19:36:27,857 [INFO] Progress: 12500/30000 | effective=50.0 req/s
2026-05-18 19:36:29,857 [INFO] Progress: 12600/30000 | effective=50.0 req/s
2026-05-18 19:36:31,856 [INFO] Progress: 12700/30000 | effective=50.0 req/s
2026-05-18 19:36:33,855 [INFO] Progress: 12800/30000 | effective=50.0 req/s
2026-05-18 19:36:35,855 [INFO] Progress: 12900/30000 | effective=50.0 req/s
2026-05-18 19:36:37,856 [INFO] Progress: 13000/30000 | effective=50.0 req/s
2026-05-18 19:36:39,855 [INFO] Progress: 13100/30000 | effective=50.0 req/s
2026-05-18 19:36:41,855 [INFO] Progress: 13200/30000 | effective=50.0 req/s
2026-05-18 19:36:43,856 [INFO] Progress: 13300/30000 | effective=50.0 req/s
2026-05-18 19:36:45,854 [INFO] Progress: 13400/30000 | effective=50.0 req/s
2026-05-18 19:36:47,857 [INFO] Progress: 13500/30000 | effective=50.0 req/s
2026-05-18 19:36:49,856 [INFO] Progress: 13600/30000 | effective=50.0 req/s
2026-05-18 19:36:51,856 [INFO] Progress: 13700/30000 | effective=50.0 req/s
2026-05-18 19:36:53,855 [INFO] Progress: 13800/30000 | effective=50.0 req/s
2026-05-18 19:36:55,856 [INFO] Progress: 13900/30000 | effective=50.0 req/s
2026-05-18 19:36:57,856 [INFO] Progress: 14000/30000 | effective=50.0 req/s
2026-05-18 19:36:59,855 [INFO] Progress: 14100/30000 | effective=50.0 req/s
2026-05-18 19:37:01,856 [INFO] Progress: 14200/30000 | effective=50.0 req/s
2026-05-18 19:37:03,856 [INFO] Progress: 14300/30000 | effective=50.0 req/s
2026-05-18 19:37:05,855 [INFO] Progress: 14400/30000 | effective=50.0 req/s
2026-05-18 19:37:07,854 [INFO] Progress: 14500/30000 | effective=50.0 req/s
2026-05-18 19:37:09,856 [INFO] Progress: 14600/30000 | effective=50.0 req/s
2026-05-18 19:37:11,854 [INFO] Progress: 14700/30000 | effective=50.0 req/s
2026-05-18 19:37:13,854 [INFO] Progress: 14800/30000 | effective=50.0 req/s
2026-05-18 19:37:15,855 [INFO] Progress: 14900/30000 | effective=50.0 req/s
2026-05-18 19:37:17,853 [INFO] Progress: 15000/30000 | effective=50.0 req/s
2026-05-18 19:37:19,854 [INFO] Progress: 15100/30000 | effective=50.0 req/s
2026-05-18 19:37:21,854 [INFO] Progress: 15200/30000 | effective=50.0 req/s
2026-05-18 19:37:23,854 [INFO] Progress: 15300/30000 | effective=50.0 req/s
2026-05-18 19:37:25,853 [INFO] Progress: 15400/30000 | effective=50.0 req/s
2026-05-18 19:37:27,854 [INFO] Progress: 15500/30000 | effective=50.0 req/s
2026-05-18 19:37:29,854 [INFO] Progress: 15600/30000 | effective=50.0 req/s
2026-05-18 19:37:31,854 [INFO] Progress: 15700/30000 | effective=50.0 req/s
2026-05-18 19:37:33,854 [INFO] Progress: 15800/30000 | effective=50.0 req/s
2026-05-18 19:37:35,850 [INFO] Progress: 15900/30000 | effective=50.0 req/s
2026-05-18 19:37:37,853 [INFO] Progress: 16000/30000 | effective=50.0 req/s
2026-05-18 19:37:39,853 [INFO] Progress: 16100/30000 | effective=50.0 req/s
2026-05-18 19:37:41,853 [INFO] Progress: 16200/30000 | effective=50.0 req/s
2026-05-18 19:37:43,854 [INFO] Progress: 16300/30000 | effective=50.0 req/s
2026-05-18 19:37:45,853 [INFO] Progress: 16400/30000 | effective=50.0 req/s
2026-05-18 19:37:47,854 [INFO] Progress: 16500/30000 | effective=50.0 req/s
2026-05-18 19:37:49,854 [INFO] Progress: 16600/30000 | effective=50.0 req/s
2026-05-18 19:37:51,850 [INFO] Progress: 16700/30000 | effective=50.0 req/s
2026-05-18 19:37:53,853 [INFO] Progress: 16800/30000 | effective=50.0 req/s
2026-05-18 19:37:55,853 [INFO] Progress: 16900/30000 | effective=50.0 req/s
2026-05-18 19:37:57,852 [INFO] Progress: 17000/30000 | effective=50.0 req/s
2026-05-18 19:37:59,852 [INFO] Progress: 17100/30000 | effective=50.0 req/s
2026-05-18 19:38:01,853 [INFO] Progress: 17200/30000 | effective=50.0 req/s
2026-05-18 19:38:03,853 [INFO] Progress: 17300/30000 | effective=50.0 req/s
2026-05-18 19:38:05,849 [INFO] Progress: 17400/30000 | effective=50.0 req/s
2026-05-18 19:38:07,853 [INFO] Progress: 17500/30000 | effective=50.0 req/s
2026-05-18 19:38:09,852 [INFO] Progress: 17600/30000 | effective=50.0 req/s
2026-05-18 19:38:11,852 [INFO] Progress: 17700/30000 | effective=50.0 req/s
2026-05-18 19:38:13,850 [INFO] Progress: 17800/30000 | effective=50.0 req/s
2026-05-18 19:38:15,852 [INFO] Progress: 17900/30000 | effective=50.0 req/s
2026-05-18 19:38:17,852 [INFO] Progress: 18000/30000 | effective=50.0 req/s
2026-05-18 19:38:19,852 [INFO] Progress: 18100/30000 | effective=50.0 req/s
2026-05-18 19:38:21,852 [INFO] Progress: 18200/30000 | effective=50.0 req/s
2026-05-18 19:38:23,849 [INFO] Progress: 18300/30000 | effective=50.0 req/s
2026-05-18 19:38:25,851 [INFO] Progress: 18400/30000 | effective=50.0 req/s
2026-05-18 19:38:27,848 [INFO] Progress: 18500/30000 | effective=50.0 req/s
2026-05-18 19:38:29,851 [INFO] Progress: 18600/30000 | effective=50.0 req/s
2026-05-18 19:38:31,850 [INFO] Progress: 18700/30000 | effective=50.0 req/s
2026-05-18 19:38:33,850 [INFO] Progress: 18800/30000 | effective=50.0 req/s
2026-05-18 19:38:35,848 [INFO] Progress: 18900/30000 | effective=50.0 req/s
2026-05-18 19:38:37,847 [INFO] Progress: 19000/30000 | effective=50.0 req/s
2026-05-18 19:38:39,851 [INFO] Progress: 19100/30000 | effective=50.0 req/s
2026-05-18 19:38:41,850 [INFO] Progress: 19200/30000 | effective=50.0 req/s
2026-05-18 19:38:43,851 [INFO] Progress: 19300/30000 | effective=50.0 req/s
2026-05-18 19:38:45,851 [INFO] Progress: 19400/30000 | effective=50.0 req/s
2026-05-18 19:38:47,851 [INFO] Progress: 19500/30000 | effective=50.0 req/s
2026-05-18 19:38:49,848 [INFO] Progress: 19600/30000 | effective=50.0 req/s
2026-05-18 19:38:51,850 [INFO] Progress: 19700/30000 | effective=50.0 req/s
2026-05-18 19:38:53,851 [INFO] Progress: 19800/30000 | effective=50.0 req/s
2026-05-18 19:38:55,851 [INFO] Progress: 19900/30000 | effective=50.0 req/s
2026-05-18 19:38:57,850 [INFO] Progress: 20000/30000 | effective=50.0 req/s
2026-05-18 19:38:59,849 [INFO] Progress: 20100/30000 | effective=50.0 req/s
2026-05-18 19:39:01,846 [INFO] Progress: 20200/30000 | effective=50.0 req/s
2026-05-18 19:39:03,849 [INFO] Progress: 20300/30000 | effective=50.0 req/s
2026-05-18 19:39:05,849 [INFO] Progress: 20400/30000 | effective=50.0 req/s
2026-05-18 19:39:07,850 [INFO] Progress: 20500/30000 | effective=50.0 req/s
2026-05-18 19:39:09,849 [INFO] Progress: 20600/30000 | effective=50.0 req/s
2026-05-18 19:39:11,849 [INFO] Progress: 20700/30000 | effective=50.0 req/s
2026-05-18 19:39:13,846 [INFO] Progress: 20800/30000 | effective=50.0 req/s
2026-05-18 19:39:15,849 [INFO] Progress: 20900/30000 | effective=50.0 req/s
2026-05-18 19:39:17,849 [INFO] Progress: 21000/30000 | effective=50.0 req/s
2026-05-18 19:39:19,848 [INFO] Progress: 21100/30000 | effective=50.0 req/s
2026-05-18 19:39:21,849 [INFO] Progress: 21200/30000 | effective=50.0 req/s
2026-05-18 19:39:23,846 [INFO] Progress: 21300/30000 | effective=50.0 req/s
2026-05-18 19:39:25,845 [INFO] Progress: 21400/30000 | effective=50.0 req/s
2026-05-18 19:39:27,849 [INFO] Progress: 21500/30000 | effective=50.0 req/s
2026-05-18 19:39:29,848 [INFO] Progress: 21600/30000 | effective=50.0 req/s
2026-05-18 19:39:31,848 [INFO] Progress: 21700/30000 | effective=50.0 req/s
2026-05-18 19:39:33,844 [INFO] Progress: 21800/30000 | effective=50.0 req/s
2026-05-18 19:39:35,844 [INFO] Progress: 21900/30000 | effective=50.0 req/s
2026-05-18 19:39:37,844 [INFO] Progress: 22000/30000 | effective=50.0 req/s
2026-05-18 19:39:39,847 [INFO] Progress: 22100/30000 | effective=50.0 req/s
2026-05-18 19:39:41,847 [INFO] Progress: 22200/30000 | effective=50.0 req/s
2026-05-18 19:39:43,847 [INFO] Progress: 22300/30000 | effective=50.0 req/s
2026-05-18 19:39:45,844 [INFO] Progress: 22400/30000 | effective=50.0 req/s
2026-05-18 19:39:47,848 [INFO] Progress: 22500/30000 | effective=50.0 req/s
2026-05-18 19:39:49,846 [INFO] Progress: 22600/30000 | effective=50.0 req/s
2026-05-18 19:39:51,844 [INFO] Progress: 22700/30000 | effective=50.0 req/s
2026-05-18 19:39:53,844 [INFO] Progress: 22800/30000 | effective=50.0 req/s
2026-05-18 19:39:55,847 [INFO] Progress: 22900/30000 | effective=50.0 req/s
2026-05-18 19:39:57,844 [INFO] Progress: 23000/30000 | effective=50.0 req/s
2026-05-18 19:39:59,847 [INFO] Progress: 23100/30000 | effective=50.0 req/s
2026-05-18 19:40:01,846 [INFO] Progress: 23200/30000 | effective=50.0 req/s
2026-05-18 19:40:03,847 [INFO] Progress: 23300/30000 | effective=50.0 req/s
2026-05-18 19:40:05,847 [INFO] Progress: 23400/30000 | effective=50.0 req/s
2026-05-18 19:40:07,846 [INFO] Progress: 23500/30000 | effective=50.0 req/s
2026-05-18 19:40:09,846 [INFO] Progress: 23600/30000 | effective=50.0 req/s
2026-05-18 19:40:11,846 [INFO] Progress: 23700/30000 | effective=50.0 req/s
2026-05-18 19:40:13,844 [INFO] Progress: 23800/30000 | effective=50.0 req/s
2026-05-18 19:40:15,846 [INFO] Progress: 23900/30000 | effective=50.0 req/s
2026-05-18 19:40:17,846 [INFO] Progress: 24000/30000 | effective=50.0 req/s
2026-05-18 19:40:19,846 [INFO] Progress: 24100/30000 | effective=50.0 req/s
2026-05-18 19:40:21,846 [INFO] Progress: 24200/30000 | effective=50.0 req/s
2026-05-18 19:40:23,846 [INFO] Progress: 24300/30000 | effective=50.0 req/s
2026-05-18 19:40:25,843 [INFO] Progress: 24400/30000 | effective=50.0 req/s
2026-05-18 19:40:27,845 [INFO] Progress: 24500/30000 | effective=50.0 req/s
2026-05-18 19:40:29,844 [INFO] Progress: 24600/30000 | effective=50.0 req/s
2026-05-18 19:40:31,845 [INFO] Progress: 24700/30000 | effective=50.0 req/s
2026-05-18 19:40:33,845 [INFO] Progress: 24800/30000 | effective=50.0 req/s
2026-05-18 19:40:35,841 [INFO] Progress: 24900/30000 | effective=50.0 req/s
2026-05-18 19:40:37,844 [INFO] Progress: 25000/30000 | effective=50.0 req/s
2026-05-18 19:40:39,845 [INFO] Progress: 25100/30000 | effective=50.0 req/s
2026-05-18 19:40:41,844 [INFO] Progress: 25200/30000 | effective=50.0 req/s
2026-05-18 19:40:43,845 [INFO] Progress: 25300/30000 | effective=50.0 req/s
2026-05-18 19:40:45,845 [INFO] Progress: 25400/30000 | effective=50.0 req/s
2026-05-18 19:40:47,844 [INFO] Progress: 25500/30000 | effective=50.0 req/s
2026-05-18 19:40:49,841 [INFO] Progress: 25600/30000 | effective=50.0 req/s
2026-05-18 19:40:51,844 [INFO] Progress: 25700/30000 | effective=50.0 req/s
2026-05-18 19:40:53,844 [INFO] Progress: 25800/30000 | effective=50.0 req/s
2026-05-18 19:40:55,844 [INFO] Progress: 25900/30000 | effective=50.0 req/s
2026-05-18 19:40:57,844 [INFO] Progress: 26000/30000 | effective=50.0 req/s
2026-05-18 19:40:59,843 [INFO] Progress: 26100/30000 | effective=50.0 req/s
2026-05-18 19:41:01,840 [INFO] Progress: 26200/30000 | effective=50.0 req/s
2026-05-18 19:41:03,844 [INFO] Progress: 26300/30000 | effective=50.0 req/s
2026-05-18 19:41:05,840 [INFO] Progress: 26400/30000 | effective=50.0 req/s
2026-05-18 19:41:07,843 [INFO] Progress: 26500/30000 | effective=50.0 req/s
2026-05-18 19:41:09,843 [INFO] Progress: 26600/30000 | effective=50.0 req/s
2026-05-18 19:41:11,844 [INFO] Progress: 26700/30000 | effective=50.0 req/s
2026-05-18 19:41:13,843 [INFO] Progress: 26800/30000 | effective=50.0 req/s
2026-05-18 19:41:15,842 [INFO] Progress: 26900/30000 | effective=50.0 req/s
2026-05-18 19:41:17,840 [INFO] Progress: 27000/30000 | effective=50.0 req/s
2026-05-18 19:41:19,843 [INFO] Progress: 27100/30000 | effective=50.0 req/s
2026-05-18 19:41:21,842 [INFO] Progress: 27200/30000 | effective=50.0 req/s
2026-05-18 19:41:23,842 [INFO] Progress: 27300/30000 | effective=50.0 req/s
2026-05-18 19:41:25,842 [INFO] Progress: 27400/30000 | effective=50.0 req/s
2026-05-18 19:41:27,841 [INFO] Progress: 27500/30000 | effective=50.0 req/s
2026-05-18 19:41:29,842 [INFO] Progress: 27600/30000 | effective=50.0 req/s
2026-05-18 19:41:31,842 [INFO] Progress: 27700/30000 | effective=50.0 req/s
2026-05-18 19:41:33,842 [INFO] Progress: 27800/30000 | effective=50.0 req/s
2026-05-18 19:41:35,842 [INFO] Progress: 27900/30000 | effective=50.0 req/s
2026-05-18 19:41:37,842 [INFO] Progress: 28000/30000 | effective=50.0 req/s
2026-05-18 19:41:39,841 [INFO] Progress: 28100/30000 | effective=50.0 req/s
2026-05-18 19:41:41,841 [INFO] Progress: 28200/30000 | effective=50.0 req/s
2026-05-18 19:41:43,841 [INFO] Progress: 28300/30000 | effective=50.0 req/s
2026-05-18 19:41:45,841 [INFO] Progress: 28400/30000 | effective=50.0 req/s
2026-05-18 19:41:47,841 [INFO] Progress: 28500/30000 | effective=50.0 req/s
2026-05-18 19:41:49,841 [INFO] Progress: 28600/30000 | effective=50.0 req/s
2026-05-18 19:41:51,841 [INFO] Progress: 28700/30000 | effective=50.0 req/s
2026-05-18 19:41:53,841 [INFO] Progress: 28800/30000 | effective=50.0 req/s
2026-05-18 19:41:55,840 [INFO] Progress: 28900/30000 | effective=50.0 req/s
2026-05-18 19:41:57,837 [INFO] Progress: 29000/30000 | effective=50.0 req/s
2026-05-18 19:41:59,840 [INFO] Progress: 29100/30000 | effective=50.0 req/s
2026-05-18 19:42:01,841 [INFO] Progress: 29200/30000 | effective=50.0 req/s
2026-05-18 19:42:03,840 [INFO] Progress: 29300/30000 | effective=50.0 req/s
2026-05-18 19:42:05,841 [INFO] Progress: 29400/30000 | effective=50.0 req/s
2026-05-18 19:42:07,840 [INFO] Progress: 29500/30000 | effective=50.0 req/s
2026-05-18 19:42:09,841 [INFO] Progress: 29600/30000 | effective=50.0 req/s
2026-05-18 19:42:11,839 [INFO] Progress: 29700/30000 | effective=50.0 req/s
2026-05-18 19:42:13,840 [INFO] Progress: 29800/30000 | effective=50.0 req/s
2026-05-18 19:42:15,840 [INFO] Progress: 29900/30000 | effective=50.0 req/s
2026-05-18 19:42:17,839 [INFO] Progress: 30000/30000 | effective=50.0 req/s
2026-05-18 20:00:39,498 [INFO] ============================================================
2026-05-18 20:00:39,498 [INFO] Total:     30000
2026-05-18 20:00:39,498 [INFO] Success:   29120 (97.07%)
2026-05-18 20:00:39,498 [INFO] Failed:    880 (2.93%)
2026-05-18 20:00:39,498 [INFO] Elapsed:   1701.7s
2026-05-18 20:00:39,499 [INFO] Effective: 17.6 req/s
2026-05-18 20:00:39,499 [INFO] Error sample:
2026-05-18 20:00:39,499 [INFO]   test-servicenow-monohyouka-01783: HTTPSConnectionPool(host='10.249.73.66', port=443): Read timed out. (read timeout=30)
2026-05-18 20:00:39,499 [INFO]   test-servicenow-monohyouka-01782: HTTPSConnectionPool(host='10.249.73.66', port=443): Read timed out. (read timeout=30)
2026-05-18 20:00:39,499 [INFO]   test-servicenow-monohyouka-01781: HTTPSConnectionPool(host='10.249.73.66', port=443): Read timed out. (read timeout=30)
2026-05-18 20:00:39,499 [INFO]   test-servicenow-monohyouka-01780: HTTPSConnectionPool(host='10.249.73.66', port=443): Read timed out. (read timeout=30)
2026-05-18 20:00:39,499 [INFO]   test-servicenow-monohyouka-01779: HTTPSConnectionPool(host='10.249.73.66', port=443): Read timed out. (read timeout=30)
2026-05-18 20:00:39,499 [INFO] Result saved: /Users/bx0815610/work/servicenow/kakusyou/2-2/result_2_2.json
End:   2026年 5月18日 月曜日 20時00分40秒 JST
