Start: 2026年 5月18日 月曜日 18時55分00秒 JST
2026-05-18 18:55:01,275 [INFO] Logged in as mono
2026-05-18 18:55:01,275 [INFO] Fetching hostids for prefix test-servicenow-monohyouka- ...
2026-05-18 18:55:01,656 [INFO] Found 30000 hosts matching prefix
2026-05-18 18:55:01,685 [INFO] In-range hosts: 29999 / 30000 requested
2026-05-18 18:55:01,688 [INFO] ============================================================
2026-05-18 18:55:01,688 [INFO] Zabbix URL:   https://10.249.73.66/zabbix/api_jsonrpc.php
2026-05-18 18:55:01,688 [INFO] Script ID:    4
2026-05-18 18:55:01,688 [INFO] Total sends:  30000
2026-05-18 18:55:01,688 [INFO] Target rate:  50.0 req/s
2026-05-18 18:55:01,688 [INFO] Parallel:     20 workers
2026-05-18 18:55:01,688 [INFO] Verify TLS:   False
2026-05-18 18:55:01,688 [INFO] ============================================================
2026-05-18 18:55:03,672 [INFO] Progress: 100/30000 | effective=50.4 req/s
2026-05-18 18:55:05,669 [INFO] Progress: 200/30000 | effective=50.2 req/s
2026-05-18 18:55:07,671 [INFO] Progress: 300/30000 | effective=50.1 req/s
2026-05-18 18:55:09,669 [INFO] Progress: 400/30000 | effective=50.1 req/s
2026-05-18 18:55:11,670 [INFO] Progress: 500/30000 | effective=50.1 req/s
2026-05-18 18:55:13,671 [INFO] Progress: 600/30000 | effective=50.1 req/s
2026-05-18 18:55:15,673 [INFO] Progress: 700/30000 | effective=50.1 req/s
2026-05-18 18:55:17,671 [INFO] Progress: 800/30000 | effective=50.1 req/s
2026-05-18 18:55:19,669 [INFO] Progress: 900/30000 | effective=50.1 req/s
2026-05-18 18:55:21,671 [INFO] Progress: 1000/30000 | effective=50.0 req/s
2026-05-18 18:55:23,670 [INFO] Progress: 1100/30000 | effective=50.0 req/s
2026-05-18 18:55:25,668 [INFO] Progress: 1200/30000 | effective=50.0 req/s
2026-05-18 18:55:27,672 [INFO] Progress: 1300/30000 | effective=50.0 req/s
2026-05-18 18:55:29,672 [INFO] Progress: 1400/30000 | effective=50.0 req/s
2026-05-18 18:55:31,668 [INFO] Progress: 1500/30000 | effective=50.0 req/s
2026-05-18 18:55:33,667 [INFO] Progress: 1600/30000 | effective=50.0 req/s
2026-05-18 18:55:35,671 [INFO] Progress: 1700/30000 | effective=50.0 req/s
2026-05-18 18:55:37,668 [INFO] Progress: 1800/30000 | effective=50.0 req/s
2026-05-18 18:55:39,671 [INFO] Progress: 1900/30000 | effective=50.0 req/s
2026-05-18 18:55:41,670 [INFO] Progress: 2000/30000 | effective=50.0 req/s
2026-05-18 18:55:43,670 [INFO] Progress: 2100/30000 | effective=50.0 req/s
2026-05-18 18:55:45,669 [INFO] Progress: 2200/30000 | effective=50.0 req/s
2026-05-18 18:55:47,671 [INFO] Progress: 2300/30000 | effective=50.0 req/s
2026-05-18 18:55:49,667 [INFO] Progress: 2400/30000 | effective=50.0 req/s
2026-05-18 18:55:51,667 [INFO] Progress: 2500/30000 | effective=50.0 req/s
2026-05-18 18:55:53,670 [INFO] Progress: 2600/30000 | effective=50.0 req/s
2026-05-18 18:55:55,670 [INFO] Progress: 2700/30000 | effective=50.0 req/s
2026-05-18 18:55:57,667 [INFO] Progress: 2800/30000 | effective=50.0 req/s
2026-05-18 18:55:59,670 [INFO] Progress: 2900/30000 | effective=50.0 req/s
2026-05-18 18:56:01,670 [INFO] Progress: 3000/30000 | effective=50.0 req/s
2026-05-18 18:56:03,669 [INFO] Progress: 3100/30000 | effective=50.0 req/s
2026-05-18 18:56:05,670 [INFO] Progress: 3200/30000 | effective=50.0 req/s
2026-05-18 18:56:07,667 [INFO] Progress: 3300/30000 | effective=50.0 req/s
2026-05-18 18:56:09,669 [INFO] Progress: 3400/30000 | effective=50.0 req/s
2026-05-18 18:56:11,669 [INFO] Progress: 3500/30000 | effective=50.0 req/s
2026-05-18 18:56:13,667 [INFO] Progress: 3600/30000 | effective=50.0 req/s
2026-05-18 18:56:15,668 [INFO] Progress: 3700/30000 | effective=50.0 req/s
2026-05-18 18:56:17,669 [INFO] Progress: 3800/30000 | effective=50.0 req/s
2026-05-18 18:56:19,665 [INFO] Progress: 3900/30000 | effective=50.0 req/s
2026-05-18 18:56:21,668 [INFO] Progress: 4000/30000 | effective=50.0 req/s
2026-05-18 18:56:23,666 [INFO] Progress: 4100/30000 | effective=50.0 req/s
2026-05-18 18:56:25,668 [INFO] Progress: 4200/30000 | effective=50.0 req/s
2026-05-18 18:56:27,665 [INFO] Progress: 4300/30000 | effective=50.0 req/s
2026-05-18 18:56:29,668 [INFO] Progress: 4400/30000 | effective=50.0 req/s
2026-05-18 18:56:31,666 [INFO] Progress: 4500/30000 | effective=50.0 req/s
2026-05-18 18:56:33,664 [INFO] Progress: 4600/30000 | effective=50.0 req/s
2026-05-18 18:56:35,668 [INFO] Progress: 4700/30000 | effective=50.0 req/s
2026-05-18 18:56:37,667 [INFO] Progress: 4800/30000 | effective=50.0 req/s
2026-05-18 18:56:39,664 [INFO] Progress: 4900/30000 | effective=50.0 req/s
2026-05-18 18:56:41,667 [INFO] Progress: 5000/30000 | effective=50.0 req/s
2026-05-18 18:56:43,667 [INFO] Progress: 5100/30000 | effective=50.0 req/s
2026-05-18 18:56:45,667 [INFO] Progress: 5200/30000 | effective=50.0 req/s
2026-05-18 18:56:47,667 [INFO] Progress: 5300/30000 | effective=50.0 req/s
2026-05-18 18:56:49,663 [INFO] Progress: 5400/30000 | effective=50.0 req/s
2026-05-18 18:56:51,667 [INFO] Progress: 5500/30000 | effective=50.0 req/s
2026-05-18 18:56:53,666 [INFO] Progress: 5600/30000 | effective=50.0 req/s
2026-05-18 18:56:55,666 [INFO] Progress: 5700/30000 | effective=50.0 req/s
2026-05-18 18:56:57,663 [INFO] Progress: 5800/30000 | effective=50.0 req/s
2026-05-18 18:56:59,663 [INFO] Progress: 5900/30000 | effective=50.0 req/s
2026-05-18 18:57:01,666 [INFO] Progress: 6000/30000 | effective=50.0 req/s
2026-05-18 18:57:03,665 [INFO] Progress: 6100/30000 | effective=50.0 req/s
2026-05-18 18:57:05,666 [INFO] Progress: 6200/30000 | effective=50.0 req/s
2026-05-18 18:57:07,662 [INFO] Progress: 6300/30000 | effective=50.0 req/s
2026-05-18 18:57:09,666 [INFO] Progress: 6400/30000 | effective=50.0 req/s
2026-05-18 18:57:11,666 [INFO] Progress: 6500/30000 | effective=50.0 req/s
2026-05-18 18:57:13,662 [INFO] Progress: 6600/30000 | effective=50.0 req/s
2026-05-18 18:57:15,663 [INFO] Progress: 6700/30000 | effective=50.0 req/s
2026-05-18 18:57:17,664 [INFO] Progress: 6800/30000 | effective=50.0 req/s
2026-05-18 18:57:19,662 [INFO] Progress: 6900/30000 | effective=50.0 req/s
2026-05-18 18:57:21,661 [INFO] Progress: 7000/30000 | effective=50.0 req/s
2026-05-18 18:57:23,665 [INFO] Progress: 7100/30000 | effective=50.0 req/s
2026-05-18 18:57:25,663 [INFO] Progress: 7200/30000 | effective=50.0 req/s
2026-05-18 18:57:27,664 [INFO] Progress: 7300/30000 | effective=50.0 req/s
2026-05-18 18:57:29,663 [INFO] Progress: 7400/30000 | effective=50.0 req/s
2026-05-18 18:57:31,665 [INFO] Progress: 7500/30000 | effective=50.0 req/s
2026-05-18 18:57:33,664 [INFO] Progress: 7600/30000 | effective=50.0 req/s
2026-05-18 18:57:35,689 [INFO] Progress: 7700/30000 | effective=50.0 req/s
2026-05-18 18:57:37,661 [INFO] Progress: 7800/30000 | effective=50.0 req/s
2026-05-18 18:57:39,664 [INFO] Progress: 7900/30000 | effective=50.0 req/s
2026-05-18 18:57:41,664 [INFO] Progress: 8000/30000 | effective=50.0 req/s
2026-05-18 18:57:43,663 [INFO] Progress: 8100/30000 | effective=50.0 req/s
2026-05-18 18:57:45,664 [INFO] Progress: 8200/30000 | effective=50.0 req/s
2026-05-18 18:57:47,661 [INFO] Progress: 8300/30000 | effective=50.0 req/s
2026-05-18 18:57:49,663 [INFO] Progress: 8400/30000 | effective=50.0 req/s
2026-05-18 18:57:51,663 [INFO] Progress: 8500/30000 | effective=50.0 req/s
2026-05-18 18:57:53,665 [INFO] Progress: 8600/30000 | effective=50.0 req/s
2026-05-18 18:57:55,664 [INFO] Progress: 8700/30000 | effective=50.0 req/s
2026-05-18 18:57:57,663 [INFO] Progress: 8800/30000 | effective=50.0 req/s
2026-05-18 18:57:59,660 [INFO] Progress: 8900/30000 | effective=50.0 req/s
2026-05-18 18:58:01,663 [INFO] Progress: 9000/30000 | effective=50.0 req/s
2026-05-18 18:58:03,662 [INFO] Progress: 9100/30000 | effective=50.0 req/s
2026-05-18 18:58:05,660 [INFO] Progress: 9200/30000 | effective=50.0 req/s
2026-05-18 18:58:07,664 [INFO] Progress: 9300/30000 | effective=50.0 req/s
2026-05-18 18:58:09,659 [INFO] Progress: 9400/30000 | effective=50.0 req/s
2026-05-18 18:58:11,664 [INFO] Progress: 9500/30000 | effective=50.0 req/s
2026-05-18 18:58:13,664 [INFO] Progress: 9600/30000 | effective=50.0 req/s
2026-05-18 18:58:15,661 [INFO] Progress: 9700/30000 | effective=50.0 req/s
2026-05-18 18:58:17,662 [INFO] Progress: 9800/30000 | effective=50.0 req/s
2026-05-18 18:58:19,663 [INFO] Progress: 9900/30000 | effective=50.0 req/s
2026-05-18 18:58:21,662 [INFO] Progress: 10000/30000 | effective=50.0 req/s
2026-05-18 18:58:23,659 [INFO] Progress: 10100/30000 | effective=50.0 req/s
2026-05-18 18:58:25,662 [INFO] Progress: 10200/30000 | effective=50.0 req/s
2026-05-18 18:58:27,659 [INFO] Progress: 10300/30000 | effective=50.0 req/s
2026-05-18 18:58:29,663 [INFO] Progress: 10400/30000 | effective=50.0 req/s
2026-05-18 18:58:31,662 [INFO] Progress: 10500/30000 | effective=50.0 req/s
2026-05-18 18:58:33,659 [INFO] Progress: 10600/30000 | effective=50.0 req/s
2026-05-18 18:58:35,660 [INFO] Progress: 10700/30000 | effective=50.0 req/s
2026-05-18 18:58:37,661 [INFO] Progress: 10800/30000 | effective=50.0 req/s
2026-05-18 18:58:39,660 [INFO] Progress: 10900/30000 | effective=50.0 req/s
2026-05-18 18:58:41,662 [INFO] Progress: 11000/30000 | effective=50.0 req/s
2026-05-18 18:58:43,662 [INFO] Progress: 11100/30000 | effective=50.0 req/s
2026-05-18 18:58:45,661 [INFO] Progress: 11200/30000 | effective=50.0 req/s
2026-05-18 18:58:47,660 [INFO] Progress: 11300/30000 | effective=50.0 req/s
2026-05-18 18:58:49,660 [INFO] Progress: 11400/30000 | effective=50.0 req/s
2026-05-18 18:58:51,661 [INFO] Progress: 11500/30000 | effective=50.0 req/s
2026-05-18 18:58:53,661 [INFO] Progress: 11600/30000 | effective=50.0 req/s
2026-05-18 18:58:55,661 [INFO] Progress: 11700/30000 | effective=50.0 req/s
2026-05-18 18:58:57,661 [INFO] Progress: 11800/30000 | effective=50.0 req/s
2026-05-18 18:58:59,660 [INFO] Progress: 11900/30000 | effective=50.0 req/s
2026-05-18 18:59:01,657 [INFO] Progress: 12000/30000 | effective=50.0 req/s
2026-05-18 18:59:03,660 [INFO] Progress: 12100/30000 | effective=50.0 req/s
2026-05-18 18:59:05,660 [INFO] Progress: 12200/30000 | effective=50.0 req/s
2026-05-18 18:59:07,658 [INFO] Progress: 12300/30000 | effective=50.0 req/s
2026-05-18 18:59:09,660 [INFO] Progress: 12400/30000 | effective=50.0 req/s
2026-05-18 18:59:11,657 [INFO] Progress: 12500/30000 | effective=50.0 req/s
2026-05-18 18:59:13,659 [INFO] Progress: 12600/30000 | effective=50.0 req/s
2026-05-18 18:59:15,657 [INFO] Progress: 12700/30000 | effective=50.0 req/s
2026-05-18 18:59:17,659 [INFO] Progress: 12800/30000 | effective=50.0 req/s
2026-05-18 18:59:19,659 [INFO] Progress: 12900/30000 | effective=50.0 req/s
2026-05-18 18:59:21,659 [INFO] Progress: 13000/30000 | effective=50.0 req/s
2026-05-18 18:59:23,656 [INFO] Progress: 13100/30000 | effective=50.0 req/s
2026-05-18 18:59:25,659 [INFO] Progress: 13200/30000 | effective=50.0 req/s
2026-05-18 18:59:27,659 [INFO] Progress: 13300/30000 | effective=50.0 req/s
2026-05-18 18:59:29,659 [INFO] Progress: 13400/30000 | effective=50.0 req/s
2026-05-18 18:59:31,656 [INFO] Progress: 13500/30000 | effective=50.0 req/s
2026-05-18 18:59:33,658 [INFO] Progress: 13600/30000 | effective=50.0 req/s
2026-05-18 18:59:35,659 [INFO] Progress: 13700/30000 | effective=50.0 req/s
2026-05-18 18:59:37,655 [INFO] Progress: 13800/30000 | effective=50.0 req/s
2026-05-18 18:59:39,660 [INFO] Progress: 13900/30000 | effective=50.0 req/s
2026-05-18 18:59:41,658 [INFO] Progress: 14000/30000 | effective=50.0 req/s
2026-05-18 18:59:43,655 [INFO] Progress: 14100/30000 | effective=50.0 req/s
2026-05-18 18:59:45,657 [INFO] Progress: 14200/30000 | effective=50.0 req/s
2026-05-18 18:59:47,658 [INFO] Progress: 14300/30000 | effective=50.0 req/s
2026-05-18 18:59:49,658 [INFO] Progress: 14400/30000 | effective=50.0 req/s
2026-05-18 18:59:51,657 [INFO] Progress: 14500/30000 | effective=50.0 req/s
2026-05-18 18:59:53,654 [INFO] Progress: 14600/30000 | effective=50.0 req/s
2026-05-18 18:59:55,658 [INFO] Progress: 14700/30000 | effective=50.0 req/s
2026-05-18 18:59:57,655 [INFO] Progress: 14800/30000 | effective=50.0 req/s
2026-05-18 18:59:59,657 [INFO] Progress: 14900/30000 | effective=50.0 req/s
2026-05-18 19:00:01,654 [INFO] Progress: 15000/30000 | effective=50.0 req/s
2026-05-18 19:00:03,654 [INFO] Progress: 15100/30000 | effective=50.0 req/s
2026-05-18 19:00:05,656 [INFO] Progress: 15200/30000 | effective=50.0 req/s
2026-05-18 19:00:07,658 [INFO] Progress: 15300/30000 | effective=50.0 req/s
2026-05-18 19:00:09,654 [INFO] Progress: 15400/30000 | effective=50.0 req/s
2026-05-18 19:00:11,653 [INFO] Progress: 15500/30000 | effective=50.0 req/s
2026-05-18 19:00:13,656 [INFO] Progress: 15600/30000 | effective=50.0 req/s
2026-05-18 19:00:15,655 [INFO] Progress: 15700/30000 | effective=50.0 req/s
2026-05-18 19:00:17,657 [INFO] Progress: 15800/30000 | effective=50.0 req/s
2026-05-18 19:00:19,679 [INFO] Progress: 15900/30000 | effective=50.0 req/s
2026-05-18 19:00:21,657 [INFO] Progress: 16000/30000 | effective=50.0 req/s
2026-05-18 19:00:23,654 [INFO] Progress: 16100/30000 | effective=50.0 req/s
2026-05-18 19:00:25,656 [INFO] Progress: 16200/30000 | effective=50.0 req/s
2026-05-18 19:00:27,656 [INFO] Progress: 16300/30000 | effective=50.0 req/s
2026-05-18 19:00:29,656 [INFO] Progress: 16400/30000 | effective=50.0 req/s
2026-05-18 19:00:31,652 [INFO] Progress: 16500/30000 | effective=50.0 req/s
2026-05-18 19:00:33,654 [INFO] Progress: 16600/30000 | effective=50.0 req/s
2026-05-18 19:00:35,652 [INFO] Progress: 16700/30000 | effective=50.0 req/s
2026-05-18 19:00:37,654 [INFO] Progress: 16800/30000 | effective=50.0 req/s
2026-05-18 19:00:39,656 [INFO] Progress: 16900/30000 | effective=50.0 req/s
2026-05-18 19:00:41,652 [INFO] Progress: 17000/30000 | effective=50.0 req/s
2026-05-18 19:00:43,655 [INFO] Progress: 17100/30000 | effective=50.0 req/s
2026-05-18 19:00:45,655 [INFO] Progress: 17200/30000 | effective=50.0 req/s
2026-05-18 19:00:47,652 [INFO] Progress: 17300/30000 | effective=50.0 req/s
2026-05-18 19:00:49,655 [INFO] Progress: 17400/30000 | effective=50.0 req/s
2026-05-18 19:00:51,653 [INFO] Progress: 17500/30000 | effective=50.0 req/s
2026-05-18 19:00:53,655 [INFO] Progress: 17600/30000 | effective=50.0 req/s
2026-05-18 19:00:55,652 [INFO] Progress: 17700/30000 | effective=50.0 req/s
2026-05-18 19:00:57,654 [INFO] Progress: 17800/30000 | effective=50.0 req/s
2026-05-18 19:00:59,652 [INFO] Progress: 17900/30000 | effective=50.0 req/s
2026-05-18 19:01:01,650 [INFO] Progress: 18000/30000 | effective=50.0 req/s
2026-05-18 19:01:03,654 [INFO] Progress: 18100/30000 | effective=50.0 req/s
2026-05-18 19:01:05,653 [INFO] Progress: 18200/30000 | effective=50.0 req/s
2026-05-18 19:01:07,655 [INFO] Progress: 18300/30000 | effective=50.0 req/s
2026-05-18 19:01:09,653 [INFO] Progress: 18400/30000 | effective=50.0 req/s
2026-05-18 19:01:11,651 [INFO] Progress: 18500/30000 | effective=50.0 req/s
2026-05-18 19:01:13,652 [INFO] Progress: 18600/30000 | effective=50.0 req/s
2026-05-18 19:01:15,651 [INFO] Progress: 18700/30000 | effective=50.0 req/s
2026-05-18 19:01:17,652 [INFO] Progress: 18800/30000 | effective=50.0 req/s
2026-05-18 19:01:19,650 [INFO] Progress: 18900/30000 | effective=50.0 req/s
2026-05-18 19:01:21,653 [INFO] Progress: 19000/30000 | effective=50.0 req/s
2026-05-18 19:01:23,653 [INFO] Progress: 19100/30000 | effective=50.0 req/s
2026-05-18 19:01:25,654 [INFO] Progress: 19200/30000 | effective=50.0 req/s
2026-05-18 19:01:27,653 [INFO] Progress: 19300/30000 | effective=50.0 req/s
2026-05-18 19:01:29,653 [INFO] Progress: 19400/30000 | effective=50.0 req/s
2026-05-18 19:01:31,649 [INFO] Progress: 19500/30000 | effective=50.0 req/s
2026-05-18 19:01:33,653 [INFO] Progress: 19600/30000 | effective=50.0 req/s
2026-05-18 19:01:35,653 [INFO] Progress: 19700/30000 | effective=50.0 req/s
2026-05-18 19:01:37,652 [INFO] Progress: 19800/30000 | effective=50.0 req/s
2026-05-18 19:01:39,652 [INFO] Progress: 19900/30000 | effective=50.0 req/s
2026-05-18 19:01:41,652 [INFO] Progress: 20000/30000 | effective=50.0 req/s
2026-05-18 19:01:43,651 [INFO] Progress: 20100/30000 | effective=50.0 req/s
2026-05-18 19:01:45,651 [INFO] Progress: 20200/30000 | effective=50.0 req/s
2026-05-18 19:01:47,651 [INFO] Progress: 20300/30000 | effective=50.0 req/s
2026-05-18 19:01:49,651 [INFO] Progress: 20400/30000 | effective=50.0 req/s
2026-05-18 19:01:51,652 [INFO] Progress: 20500/30000 | effective=50.0 req/s
2026-05-18 19:01:53,648 [INFO] Progress: 20600/30000 | effective=50.0 req/s
2026-05-18 19:01:55,651 [INFO] Progress: 20700/30000 | effective=50.0 req/s
2026-05-18 19:01:57,648 [INFO] Progress: 20800/30000 | effective=50.0 req/s
2026-05-18 19:01:59,652 [INFO] Progress: 20900/30000 | effective=50.0 req/s
2026-05-18 19:02:01,651 [INFO] Progress: 21000/30000 | effective=50.0 req/s
2026-05-18 19:02:03,652 [INFO] Progress: 21100/30000 | effective=50.0 req/s
2026-05-18 19:02:05,648 [INFO] Progress: 21200/30000 | effective=50.0 req/s
2026-05-18 19:02:07,650 [INFO] Progress: 21300/30000 | effective=50.0 req/s
2026-05-18 19:02:09,648 [INFO] Progress: 21400/30000 | effective=50.0 req/s
2026-05-18 19:02:11,652 [INFO] Progress: 21500/30000 | effective=50.0 req/s
2026-05-18 19:02:13,647 [INFO] Progress: 21600/30000 | effective=50.0 req/s
2026-05-18 19:02:15,647 [INFO] Progress: 21700/30000 | effective=50.0 req/s
2026-05-18 19:02:17,647 [INFO] Progress: 21800/30000 | effective=50.0 req/s
2026-05-18 19:02:19,650 [INFO] Progress: 21900/30000 | effective=50.0 req/s
2026-05-18 19:02:21,650 [INFO] Progress: 22000/30000 | effective=50.0 req/s
2026-05-18 19:02:23,649 [INFO] Progress: 22100/30000 | effective=50.0 req/s
2026-05-18 19:02:25,650 [INFO] Progress: 22200/30000 | effective=50.0 req/s
2026-05-18 19:02:27,650 [INFO] Progress: 22300/30000 | effective=50.0 req/s
2026-05-18 19:02:29,650 [INFO] Progress: 22400/30000 | effective=50.0 req/s
2026-05-18 19:02:31,650 [INFO] Progress: 22500/30000 | effective=50.0 req/s
2026-05-18 19:02:33,646 [INFO] Progress: 22600/30000 | effective=50.0 req/s
2026-05-18 19:02:35,650 [INFO] Progress: 22700/30000 | effective=50.0 req/s
2026-05-18 19:02:37,650 [INFO] Progress: 22800/30000 | effective=50.0 req/s
2026-05-18 19:02:39,650 [INFO] Progress: 22900/30000 | effective=50.0 req/s
2026-05-18 19:02:41,649 [INFO] Progress: 23000/30000 | effective=50.0 req/s
2026-05-18 19:02:43,650 [INFO] Progress: 23100/30000 | effective=50.0 req/s
2026-05-18 19:02:45,649 [INFO] Progress: 23200/30000 | effective=50.0 req/s
2026-05-18 19:02:47,649 [INFO] Progress: 23300/30000 | effective=50.0 req/s
2026-05-18 19:02:49,645 [INFO] Progress: 23400/30000 | effective=50.0 req/s
2026-05-18 19:02:51,649 [INFO] Progress: 23500/30000 | effective=50.0 req/s
2026-05-18 19:02:53,646 [INFO] Progress: 23600/30000 | effective=50.0 req/s
2026-05-18 19:02:55,646 [INFO] Progress: 23700/30000 | effective=50.0 req/s
2026-05-18 19:02:57,649 [INFO] Progress: 23800/30000 | effective=50.0 req/s
2026-05-18 19:02:59,648 [INFO] Progress: 23900/30000 | effective=50.0 req/s
2026-05-18 19:03:01,648 [INFO] Progress: 24000/30000 | effective=50.0 req/s
2026-05-18 19:03:03,649 [INFO] Progress: 24100/30000 | effective=50.0 req/s
2026-05-18 19:03:05,646 [INFO] Progress: 24200/30000 | effective=50.0 req/s
2026-05-18 19:03:07,645 [INFO] Progress: 24300/30000 | effective=50.0 req/s
2026-05-18 19:03:09,647 [INFO] Progress: 24400/30000 | effective=50.0 req/s
2026-05-18 19:03:11,649 [INFO] Progress: 24500/30000 | effective=50.0 req/s
2026-05-18 19:03:13,645 [INFO] Progress: 24600/30000 | effective=50.0 req/s
2026-05-18 19:03:15,647 [INFO] Progress: 24700/30000 | effective=50.0 req/s
2026-05-18 19:03:17,647 [INFO] Progress: 24800/30000 | effective=50.0 req/s
2026-05-18 19:03:19,647 [INFO] Progress: 24900/30000 | effective=50.0 req/s
2026-05-18 19:03:21,645 [INFO] Progress: 25000/30000 | effective=50.0 req/s
2026-05-18 19:03:23,646 [INFO] Progress: 25100/30000 | effective=50.0 req/s
2026-05-18 19:03:25,648 [INFO] Progress: 25200/30000 | effective=50.0 req/s
2026-05-18 19:03:27,647 [INFO] Progress: 25300/30000 | effective=50.0 req/s
2026-05-18 19:03:29,647 [INFO] Progress: 25400/30000 | effective=50.0 req/s
2026-05-18 19:03:31,647 [INFO] Progress: 25500/30000 | effective=50.0 req/s
2026-05-18 19:03:33,643 [INFO] Progress: 25600/30000 | effective=50.0 req/s
2026-05-18 19:03:35,647 [INFO] Progress: 25700/30000 | effective=50.0 req/s
2026-05-18 19:03:37,645 [INFO] Progress: 25800/30000 | effective=50.0 req/s
2026-05-18 19:03:39,645 [INFO] Progress: 25900/30000 | effective=50.0 req/s
2026-05-18 19:03:41,643 [INFO] Progress: 26000/30000 | effective=50.0 req/s
2026-05-18 19:03:43,644 [INFO] Progress: 26100/30000 | effective=50.0 req/s
2026-05-18 19:03:45,643 [INFO] Progress: 26200/30000 | effective=50.0 req/s
2026-05-18 19:03:47,643 [INFO] Progress: 26300/30000 | effective=50.0 req/s
2026-05-18 19:03:49,644 [INFO] Progress: 26400/30000 | effective=50.0 req/s
2026-05-18 19:03:51,646 [INFO] Progress: 26500/30000 | effective=50.0 req/s
2026-05-18 19:03:53,645 [INFO] Progress: 26600/30000 | effective=50.0 req/s
2026-05-18 19:03:55,642 [INFO] Progress: 26700/30000 | effective=50.0 req/s
2026-05-18 19:03:57,644 [INFO] Progress: 26800/30000 | effective=50.0 req/s
2026-05-18 19:03:59,646 [INFO] Progress: 26900/30000 | effective=50.0 req/s
2026-05-18 19:04:01,644 [INFO] Progress: 27000/30000 | effective=50.0 req/s
2026-05-18 19:04:03,643 [INFO] Progress: 27100/30000 | effective=50.0 req/s
2026-05-18 19:04:05,642 [INFO] Progress: 27200/30000 | effective=50.0 req/s
2026-05-18 19:04:07,645 [INFO] Progress: 27300/30000 | effective=50.0 req/s
2026-05-18 19:04:09,644 [INFO] Progress: 27400/30000 | effective=50.0 req/s
2026-05-18 19:04:11,642 [INFO] Progress: 27500/30000 | effective=50.0 req/s
2026-05-18 19:04:13,643 [INFO] Progress: 27600/30000 | effective=50.0 req/s
2026-05-18 19:04:15,645 [INFO] Progress: 27700/30000 | effective=50.0 req/s
2026-05-18 19:04:17,644 [INFO] Progress: 27800/30000 | effective=50.0 req/s
2026-05-18 19:04:19,641 [INFO] Progress: 27900/30000 | effective=50.0 req/s
2026-05-18 19:04:21,643 [INFO] Progress: 28000/30000 | effective=50.0 req/s
2026-05-18 19:04:23,645 [INFO] Progress: 28100/30000 | effective=50.0 req/s
2026-05-18 19:04:25,641 [INFO] Progress: 28200/30000 | effective=50.0 req/s
2026-05-18 19:04:27,643 [INFO] Progress: 28300/30000 | effective=50.0 req/s
2026-05-18 19:04:29,644 [INFO] Progress: 28400/30000 | effective=50.0 req/s
2026-05-18 19:04:31,643 [INFO] Progress: 28500/30000 | effective=50.0 req/s
2026-05-18 19:04:33,643 [INFO] Progress: 28600/30000 | effective=50.0 req/s
2026-05-18 19:04:35,643 [INFO] Progress: 28700/30000 | effective=50.0 req/s
2026-05-18 19:04:37,643 [INFO] Progress: 28800/30000 | effective=50.0 req/s
2026-05-18 19:04:39,643 [INFO] Progress: 28900/30000 | effective=50.0 req/s
2026-05-18 19:04:41,641 [INFO] Progress: 29000/30000 | effective=50.0 req/s
2026-05-18 19:04:43,640 [INFO] Progress: 29100/30000 | effective=50.0 req/s
2026-05-18 19:04:45,642 [INFO] Progress: 29200/30000 | effective=50.0 req/s
2026-05-18 19:04:47,643 [INFO] Progress: 29300/30000 | effective=50.0 req/s
2026-05-18 19:04:49,642 [INFO] Progress: 29400/30000 | effective=50.0 req/s
2026-05-18 19:04:51,643 [INFO] Progress: 29500/30000 | effective=50.0 req/s
2026-05-18 19:04:53,640 [INFO] Progress: 29600/30000 | effective=50.0 req/s
2026-05-18 19:04:55,639 [INFO] Progress: 29700/30000 | effective=50.0 req/s
2026-05-18 19:04:57,641 [INFO] Progress: 29800/30000 | effective=50.0 req/s
2026-05-18 19:04:59,642 [INFO] Progress: 29900/30000 | effective=50.0 req/s
2026-05-18 19:05:01,643 [INFO] Progress: 30000/30000 | effective=50.0 req/s
